#0 building with "desktop-linux" instance using docker driver

#1 [internal] load build definition from Dockerfile
#1 transferring dockerfile: 596B done
#1 DONE 0.0s

#2 [internal] load metadata for docker.io/library/eclipse-temurin:21-jre
#2 DONE 0.0s

#3 [internal] load .dockerignore
#3 transferring context: 625B done
#3 DONE 0.0s

#4 [internal] load build context
#4 ...

#5 [1/5] FROM docker.io/library/eclipse-temurin:21-jre@sha256:d7051a45dd955e4d5d1db4d3f4269fe13d1c6dff8cc6b7ef89fc8577b96c1982
#5 resolve docker.io/library/eclipse-temurin:21-jre@sha256:d7051a45dd955e4d5d1db4d3f4269fe13d1c6dff8cc6b7ef89fc8577b96c1982 0.0s done
#5 DONE 0.0s

#4 [internal] load build context
#4 transferring context: 61.19MB 3.0s done
#4 DONE 3.1s

#6 [2/5] RUN apt-get update     && apt-get install -y --no-install-recommends curl     && rm -rf /var/lib/apt/lists/*
#6 CACHED

#7 [3/5] RUN useradd --system --uid 1001 --shell /usr/sbin/nologin judge     && mkdir -p /app && chown judge:judge /app
#7 CACHED

#8 [4/5] WORKDIR /app
#8 CACHED

#9 [5/5] COPY judge-gateway/target/judge-gateway.jar /app/app.jar
#9 DONE 0.4s

#10 exporting to image
#10 exporting layers
#10 exporting layers 2.0s done
#10 exporting manifest sha256:b9d52fe5b6e9b8262bcc8bcd6c8310d78962b57edb34664aa03fbd3a3896c90a 0.0s done
#10 exporting config sha256:0b064ca30b9591276370c33e44e4e8c22980148beffcd597bd795f27c50c5eab 0.0s done
#10 exporting attestation manifest sha256:a488431a026732d8f0493f1041eb0f24ff25590f0e798e97aa14ddfb6a11bd97 0.0s done
#10 exporting manifest list sha256:27f5c568abcc8ee927ef81d87d627353c8c63cb12c2f5e54df0b5ef881920df4 0.0s done
#10 naming to docker.io/codejudge/judge-gateway:latest done
#10 unpacking to docker.io/codejudge/judge-gateway:latest
#10 unpacking to docker.io/codejudge/judge-gateway:latest 0.7s done
#10 DONE 2.8s
#0 building with "desktop-linux" instance using docker driver

#1 [internal] load build definition from Dockerfile
#1 transferring dockerfile: 590B done
#1 DONE 0.0s

#2 [internal] load metadata for docker.io/library/eclipse-temurin:21-jre
#2 DONE 0.0s

#3 [internal] load .dockerignore
#3 transferring context: 625B done
#3 DONE 0.0s

#4 [1/5] FROM docker.io/library/eclipse-temurin:21-jre@sha256:d7051a45dd955e4d5d1db4d3f4269fe13d1c6dff8cc6b7ef89fc8577b96c1982
#4 resolve docker.io/library/eclipse-temurin:21-jre@sha256:d7051a45dd955e4d5d1db4d3f4269fe13d1c6dff8cc6b7ef89fc8577b96c1982 0.0s done
#4 DONE 0.0s

#5 [internal] load build context
#5 transferring context: 96.50MB 4.5s done
#5 DONE 4.5s

#6 [2/5] RUN apt-get update     && apt-get install -y --no-install-recommends curl     && rm -rf /var/lib/apt/lists/*
#6 CACHED

#7 [3/5] RUN useradd --system --uid 1001 --shell /usr/sbin/nologin judge     && mkdir -p /app && chown judge:judge /app
#7 CACHED

#8 [4/5] WORKDIR /app
#8 CACHED

#9 [5/5] COPY judge-auth/target/judge-auth.jar /app/app.jar
#9 DONE 0.3s

#10 exporting to image
#10 exporting layers
#10 exporting layers 2.8s done
#10 exporting manifest sha256:8911ae80eea1ecc5e648f93972ed8eb0d65b5dac914863799d52a34f47fe4c63 0.0s done
#10 exporting config sha256:2d8f7c59d5daf155d716968773ece89618cc17fe50061910de9cf6aa0e509f53 0.0s done
#10 exporting attestation manifest sha256:4235b7c7948d32cd555699ad00e0969d6aa96e841f16bcb21b6cdbd4823a2078 0.0s done
#10 exporting manifest list sha256:872a123fe576c68ec7a0f4932f9c18a467812095110923e8a7c1bc0ab3bb7eea 0.0s done
#10 naming to docker.io/codejudge/judge-auth:latest done
#10 unpacking to docker.io/codejudge/judge-auth:latest
#10 unpacking to docker.io/codejudge/judge-auth:latest 0.6s done
#10 DONE 3.6s
#0 building with "desktop-linux" instance using docker driver

#1 [internal] load build definition from Dockerfile
#1 transferring dockerfile: 590B done
#1 DONE 0.0s

#2 [internal] load metadata for docker.io/library/eclipse-temurin:21-jre
#2 DONE 0.0s

#3 [internal] load .dockerignore
#3 transferring context: 625B 0.0s done
#3 DONE 0.0s

#4 [1/5] FROM docker.io/library/eclipse-temurin:21-jre@sha256:d7051a45dd955e4d5d1db4d3f4269fe13d1c6dff8cc6b7ef89fc8577b96c1982
#4 resolve docker.io/library/eclipse-temurin:21-jre@sha256:d7051a45dd955e4d5d1db4d3f4269fe13d1c6dff8cc6b7ef89fc8577b96c1982 0.0s done
#4 DONE 0.0s

#5 [internal] load build context
#5 transferring context: 95.84MB 4.4s done
#5 DONE 4.4s

#6 [3/5] RUN useradd --system --uid 1001 --shell /usr/sbin/nologin judge     && mkdir -p /app && chown judge:judge /app
#6 CACHED

#7 [2/5] RUN apt-get update     && apt-get install -y --no-install-recommends curl     && rm -rf /var/lib/apt/lists/*
#7 CACHED

#8 [4/5] WORKDIR /app
#8 CACHED

#9 [5/5] COPY judge-user/target/judge-user.jar /app/app.jar
#9 DONE 0.1s

#10 exporting to image
#10 exporting layers
#10 exporting layers 2.5s done
#10 exporting manifest sha256:a7677b0d4e60747a4e0d6d492db12d8e964a160352f004cc5c4483d9fe59f527 0.0s done
#10 exporting config sha256:27488cb2c37196e40f7494e1e8482720fc0ac865010390619474891a8c8618fc 0.0s done
#10 exporting attestation manifest sha256:6dd15103807d8e51ec97c47631e122fcc9cdc1aa66cf695184f17af5be185d34 0.0s done
#10 exporting manifest list sha256:686b6b985e40c384986d884c77419fe79f9a191363d902c0a84801a2197a4367 0.0s done
#10 naming to docker.io/codejudge/judge-user:latest done
#10 unpacking to docker.io/codejudge/judge-user:latest
#10 unpacking to docker.io/codejudge/judge-user:latest 0.4s done
#10 DONE 3.0s
#0 building with "desktop-linux" instance using docker driver

#1 [internal] load build definition from Dockerfile
#1 transferring dockerfile: 596B done
#1 DONE 0.0s

#2 [internal] load metadata for docker.io/library/eclipse-temurin:21-jre
#2 DONE 0.0s

#3 [internal] load .dockerignore
#3 transferring context: 625B done
#3 DONE 0.0s

#4 [1/5] FROM docker.io/library/eclipse-temurin:21-jre@sha256:d7051a45dd955e4d5d1db4d3f4269fe13d1c6dff8cc6b7ef89fc8577b96c1982
#4 resolve docker.io/library/eclipse-temurin:21-jre@sha256:d7051a45dd955e4d5d1db4d3f4269fe13d1c6dff8cc6b7ef89fc8577b96c1982 0.0s done
#4 DONE 0.0s

#5 [internal] load build context
#5 transferring context: 95.88MB 4.5s done
#5 DONE 4.5s

#6 [3/5] RUN useradd --system --uid 1001 --shell /usr/sbin/nologin judge     && mkdir -p /app && chown judge:judge /app
#6 CACHED

#7 [2/5] RUN apt-get update     && apt-get install -y --no-install-recommends curl     && rm -rf /var/lib/apt/lists/*
#7 CACHED

#8 [4/5] WORKDIR /app
#8 CACHED

#9 [5/5] COPY judge-problem/target/judge-problem.jar /app/app.jar
#9 DONE 0.2s

#10 exporting to image
#10 exporting layers
#10 exporting layers 2.8s done
#10 exporting manifest sha256:f46b1218dc98766ea329bfd5ca2156c239550316d02515737d74349f1fd31e78 0.0s done
#10 exporting config sha256:850b1c7eb4633dbbabae40a378ad4ccc936906c7d72f02d316ce6628083027c4 0.0s done
#10 exporting attestation manifest sha256:826c5960997635c3aced5f059222169672ca2bd2414c1021ce4e19d983dc0890 0.0s done
#10 exporting manifest list sha256:5a798af4085cc610032d49d71eaeb56bf7f3659afc6feb344676cdf7f03bf097 0.0s done
#10 naming to docker.io/codejudge/judge-problem:latest done
#10 unpacking to docker.io/codejudge/judge-problem:latest
#10 unpacking to docker.io/codejudge/judge-problem:latest 0.6s done
#10 DONE 3.5s
#0 building with "desktop-linux" instance using docker driver

#1 [internal] load build definition from Dockerfile
#1 transferring dockerfile: 602B done
#1 DONE 0.0s

#2 [internal] load metadata for docker.io/library/eclipse-temurin:21-jre
#2 DONE 0.0s

#3 [internal] load .dockerignore
#3 transferring context: 625B done
#3 DONE 0.0s

#4 [1/5] FROM docker.io/library/eclipse-temurin:21-jre@sha256:d7051a45dd955e4d5d1db4d3f4269fe13d1c6dff8cc6b7ef89fc8577b96c1982
#4 resolve docker.io/library/eclipse-temurin:21-jre@sha256:d7051a45dd955e4d5d1db4d3f4269fe13d1c6dff8cc6b7ef89fc8577b96c1982 0.0s done
#4 DONE 0.1s

#5 [internal] load build context
#5 transferring context: 96.95MB 4.0s done
#5 DONE 4.0s

#6 [2/5] RUN apt-get update     && apt-get install -y --no-install-recommends curl     && rm -rf /var/lib/apt/lists/*
#6 CACHED

#7 [3/5] RUN useradd --system --uid 1001 --shell /usr/sbin/nologin judge     && mkdir -p /app && chown judge:judge /app
#7 CACHED

#8 [4/5] WORKDIR /app
#8 CACHED

#9 [5/5] COPY judge-submission/target/judge-submission.jar /app/app.jar
#9 DONE 0.2s

#10 exporting to image
#10 exporting layers
#10 exporting layers 2.7s done
#10 exporting manifest sha256:7b4ba5b5b52f0f8a6e7c1f87dd26718e5017ad760974c0c957337cbb37879100 0.0s done
#10 exporting config sha256:c6100d141099e48ec22e840864e955bf5c6d1b394b7ae283279440c7b7eb0317 0.0s done
#10 exporting attestation manifest sha256:10b71415f24e74606f72de0d8873bc2e795ac36e6a645a19c5b14cc4fd4e987e 0.0s done
#10 exporting manifest list sha256:ce508f86b16d5e775b255732b7dd56134dac8e6e80037a7d363281d1cb0790ee 0.0s done
#10 naming to docker.io/codejudge/judge-submission:latest done
#10 unpacking to docker.io/codejudge/judge-submission:latest
#10 unpacking to docker.io/codejudge/judge-submission:latest 0.4s done
#10 DONE 3.1s
#0 building with "desktop-linux" instance using docker driver

#1 [internal] load build definition from Dockerfile
#1 transferring dockerfile: 604B done
#1 DONE 0.0s

#2 [internal] load metadata for docker.io/library/eclipse-temurin:21-jre
#2 DONE 0.0s

#3 [internal] load .dockerignore
#3 transferring context: 625B done
#3 DONE 0.0s

#4 [1/5] FROM docker.io/library/eclipse-temurin:21-jre@sha256:d7051a45dd955e4d5d1db4d3f4269fe13d1c6dff8cc6b7ef89fc8577b96c1982
#4 resolve docker.io/library/eclipse-temurin:21-jre@sha256:d7051a45dd955e4d5d1db4d3f4269fe13d1c6dff8cc6b7ef89fc8577b96c1982 0.0s done
#4 DONE 0.0s

#5 [internal] load build context
#5 transferring context: 94.70MB 4.6s done
#5 DONE 4.6s

#6 [2/5] RUN apt-get update     && apt-get install -y --no-install-recommends curl docker.io     && rm -rf /var/lib/apt/lists/*
#6 CACHED

#7 [3/5] RUN useradd --system --uid 1001 --shell /usr/sbin/nologin judge     && mkdir -p /app && chown judge:judge /app
#7 CACHED

#8 [4/5] WORKDIR /app
#8 CACHED

#9 [5/5] COPY judge-worker/target/judge-worker.jar /app/app.jar
#9 DONE 0.1s

#10 exporting to image
#10 exporting layers
#10 exporting layers 2.7s done
#10 exporting manifest sha256:867dabb226168ad935a1958567ecdbf1b6e80b946a2a999a81aa5c380a79c126 0.0s done
#10 exporting config sha256:b787e8fbe4f2adee8cd387159b5ce9ee2ef36b5a0c23eb1261a3168e4cd38c9f 0.0s done
#10 exporting attestation manifest sha256:38aedf5775a7addd71d2a42ed770e1d0b46f8b9d8acf736fb269a973d0ef0e4a 0.0s done
#10 exporting manifest list sha256:0c728a3c0fa0c43344e749d5c9347d675e2486f124989cb0a6764782549a0c57 0.0s done
#10 naming to docker.io/codejudge/judge-worker:latest done
#10 unpacking to docker.io/codejudge/judge-worker:latest
#10 unpacking to docker.io/codejudge/judge-worker:latest 0.4s done
#10 DONE 3.2s
#0 building with "desktop-linux" instance using docker driver

#1 [internal] load build definition from Dockerfile
#1 transferring dockerfile: 596B done
#1 DONE 0.0s

#2 [internal] load metadata for docker.io/library/eclipse-temurin:21-jre
#2 DONE 0.0s

#3 [internal] load .dockerignore
#3 transferring context: 625B done
#3 DONE 0.0s

#4 [1/5] FROM docker.io/library/eclipse-temurin:21-jre@sha256:d7051a45dd955e4d5d1db4d3f4269fe13d1c6dff8cc6b7ef89fc8577b96c1982
#4 resolve docker.io/library/eclipse-temurin:21-jre@sha256:d7051a45dd955e4d5d1db4d3f4269fe13d1c6dff8cc6b7ef89fc8577b96c1982 0.0s done
#4 DONE 0.0s

#5 [internal] load build context
#5 transferring context: 96.97MB 4.6s done
#5 DONE 4.6s

#6 [2/5] RUN apt-get update     && apt-get install -y --no-install-recommends curl     && rm -rf /var/lib/apt/lists/*
#6 CACHED

#7 [3/5] RUN useradd --system --uid 1001 --shell /usr/sbin/nologin judge     && mkdir -p /app && chown judge:judge /app
#7 CACHED

#8 [4/5] WORKDIR /app
#8 CACHED

#9 [5/5] COPY judge-contest/target/judge-contest.jar /app/app.jar
#9 DONE 0.1s

#10 exporting to image
#10 exporting layers
#10 exporting layers 2.8s done
#10 exporting manifest sha256:a64b5a16de92fd77e7cb5f5d1d8e797ead349aaebbab1a43c74246dd868ed854 0.0s done
#10 exporting config sha256:c7ff6d41358f2c024a89330a0e2ac83ff694b4a21370fecb239c0aaae4bc1bca 0.0s done
#10 exporting attestation manifest sha256:d1e5fb8a43c878412366b977c24ee3b035a58ed392ee56f4d68121c5c9066275 0.0s done
#10 exporting manifest list sha256:7a4964552d8d05f9eb2c30e5bee6a0ad360c7e5a521a9411733c96d86bcad737 0.0s done
#10 naming to docker.io/codejudge/judge-contest:latest done
#10 unpacking to docker.io/codejudge/judge-contest:latest
#10 unpacking to docker.io/codejudge/judge-contest:latest 0.4s done
#10 DONE 3.3s
#0 building with "desktop-linux" instance using docker driver

#1 [internal] load build definition from Dockerfile
#1 transferring dockerfile: 586B done
#1 DONE 0.0s

#2 [internal] load metadata for docker.io/library/eclipse-temurin:21-jre
#2 DONE 0.0s

#3 [internal] load .dockerignore
#3 transferring context: 625B done
#3 DONE 0.0s

#4 [1/5] FROM docker.io/library/eclipse-temurin:21-jre@sha256:d7051a45dd955e4d5d1db4d3f4269fe13d1c6dff8cc6b7ef89fc8577b96c1982
#4 resolve docker.io/library/eclipse-temurin:21-jre@sha256:d7051a45dd955e4d5d1db4d3f4269fe13d1c6dff8cc6b7ef89fc8577b96c1982 0.0s done
#4 DONE 0.0s

#5 [internal] load build context
#5 transferring context: 87.17MB 4.0s done
#5 DONE 4.0s

#6 [3/5] RUN useradd --system --uid 1001 --shell /usr/sbin/nologin judge     && mkdir -p /app && chown judge:judge /app
#6 CACHED

#7 [2/5] RUN apt-get update     && apt-get install -y --no-install-recommends curl     && rm -rf /var/lib/apt/lists/*
#7 CACHED

#8 [4/5] WORKDIR /app
#8 CACHED

#9 [5/5] COPY judge-ai/target/judge-ai.jar /app/app.jar
#9 DONE 0.2s

#10 exporting to image
#10 exporting layers
#10 exporting layers 2.1s done
#10 exporting manifest sha256:c49606f32b2a40132083ca984ed57aedc8fe206bcab0fafe7a446eace79ebb85 0.0s done
#10 exporting config sha256:bab5cf5bb4ac35a15e3d487986d4c91f332e01a62c37d45fb9685e5406743191 0.0s done
#10 exporting attestation manifest sha256:34d06be3ee45304996574e52cc940a0ca8ce817ce58d743ce236c9b303e6c458 0.0s done
#10 exporting manifest list sha256:c8bb1bdcdc0b9d59c343fd90899f42e8f4d368574f1b6a7ffcd6bacf5bdb0f7b 0.0s done
#10 naming to docker.io/codejudge/judge-ai:latest done
#10 unpacking to docker.io/codejudge/judge-ai:latest
#10 unpacking to docker.io/codejudge/judge-ai:latest 0.4s done
#10 DONE 2.7s

===== judge-gateway (:9080) =====
[OK] judge-gateway

===== judge-auth (:9081) =====
[OK] judge-auth

===== judge-user (:9082) =====
[OK] judge-user

===== judge-problem (:9083) =====
[OK] judge-problem

===== judge-submission (:9084) =====
[OK] judge-submission

===== judge-worker (:9085) +docker-cli =====
[OK] judge-worker

===== judge-contest (:9086) =====
[OK] judge-contest

===== judge-ai (:9087) =====
[OK] judge-ai

全部运行时镜像构建完成
script_exit=0
